// Jest Snapshot v1, https://goo.gl/fbAQLP

exports[`Box snapshot 1`] = `
<DocumentFragment>
  <div
    class="Box-container"
  >
    <div
      class="Box"
      style="width: 100px; height: 100px; background-color: lightblue;"
    />
    <button>
      X
    </button>
  </div>
</DocumentFragment>
`;
