// Jest Snapshot v1, https://goo.gl/fbAQLP

exports[`Todo snapshot 1`] = `
<DocumentFragment>
  <div
    class="Todo-container"
  >
    <div
      class="Todo"
    >
      <p />
    </div>
    <button>
      X
    </button>
  </div>
</DocumentFragment>
`;
